Release 14.7 - xst P.20131013 (lin64)
Copyright (c) 1995-2013 Xilinx, Inc.  All rights reserved.
--> 
Parameter TMPDIR set to xst/projnav.tmp


Total REAL time to Xst completion: 0.00 secs
Total CPU time to Xst completion: 0.07 secs
 
--> 
Parameter xsthdpdir set to xst


Total REAL time to Xst completion: 0.00 secs
Total CPU time to Xst completion: 0.07 secs
 
--> 
Reading design: mem.prj

TABLE OF CONTENTS
  1) Synthesis Options Summary
  2) HDL Parsing
  3) HDL Elaboration
  4) HDL Synthesis
       4.1) HDL Synthesis Report
  5) Advanced HDL Synthesis
       5.1) Advanced HDL Synthesis Report
  6) Low Level Synthesis
  7) Partition Report
  8) Design Summary
       8.1) Primitive and Black Box Usage
       8.2) Device utilization summary
       8.3) Partition Resource Summary
       8.4) Timing Report
            8.4.1) Clock Information
            8.4.2) Asynchronous Control Signals Information
            8.4.3) Timing Summary
            8.4.4) Timing Details
            8.4.5) Cross Clock Domains Report


=========================================================================
*                      Synthesis Options Summary                        *
=========================================================================
---- Source Parameters
Input File Name                    : "mem.prj"
Ignore Synthesis Constraint File   : NO

---- Target Parameters
Output File Name                   : "mem"
Output Format                      : NGC
Target Device                      : xc7vx330t-3-ffg1157

---- Source Options
Top Module Name                    : mem
Automatic FSM Extraction           : YES
FSM Encoding Algorithm             : Auto
Safe Implementation                : No
FSM Style                          : LUT
RAM Extraction                     : Yes
RAM Style                          : Auto
ROM Extraction                     : Yes
Shift Register Extraction          : YES
ROM Style                          : Auto
Resource Sharing                   : YES
Asynchronous To Synchronous        : NO
Shift Register Minimum Size        : 2
Use DSP Block                      : Auto
Automatic Register Balancing       : No

---- Target Options
LUT Combining                      : Auto
Reduce Control Sets                : Auto
Add IO Buffers                     : YES
Global Maximum Fanout              : 100000
Add Generic Clock Buffer(BUFG)     : 32
Register Duplication               : YES
Optimize Instantiated Primitives   : NO
Use Clock Enable                   : Auto
Use Synchronous Set                : Auto
Use Synchronous Reset              : Auto
Pack IO Registers into IOBs        : Auto
Equivalent register Removal        : YES

---- General Options
Optimization Goal                  : Speed
Optimization Effort                : 1
Power Reduction                    : NO
Keep Hierarchy                     : No
Netlist Hierarchy                  : As_Optimized
RTL Output                         : Yes
Global Optimization                : AllClockNets
Read Cores                         : YES
Write Timing Constraints           : NO
Cross Clock Analysis               : NO
Hierarchy Separator                : /
Bus Delimiter                      : <>
Case Specifier                     : Maintain
Slice Utilization Ratio            : 100
BRAM Utilization Ratio             : 100
DSP48 Utilization Ratio            : 100
Auto BRAM Packing                  : NO
Slice Utilization Ratio Delta      : 5

---- Other Options
Cores Search Directories           : {"ipcore_dir"  }

=========================================================================


=========================================================================
*                          HDL Parsing                                  *
=========================================================================
Analyzing Verilog file "/home/pav/CS/VLSI/iVerilog/Block Ram/BR_project/ipcore_dir/blk_mem2.v" into library work
Parsing module <blk_mem2>.
Analyzing Verilog file "/home/pav/CS/VLSI/iVerilog/Block Ram/blk_ram.v" into library work
Parsing module <mem>.

=========================================================================
*                            HDL Elaboration                            *
=========================================================================

Elaborating module <mem>.
WARNING:HDLCompiler:872 - "/home/pav/CS/VLSI/iVerilog/Block Ram/blk_ram.v" Line 32: Using initial value of mode since it is never assigned

Elaborating module <blk_mem2>.
WARNING:HDLCompiler:1499 - "/home/pav/CS/VLSI/iVerilog/Block Ram/BR_project/ipcore_dir/blk_mem2.v" Line 39: Empty module <blk_mem2> remains a black box.
WARNING:HDLCompiler:413 - "/home/pav/CS/VLSI/iVerilog/Block Ram/blk_ram.v" Line 46: Result of 7-bit expression is truncated to fit in 6-bit target.
WARNING:HDLCompiler:413 - "/home/pav/CS/VLSI/iVerilog/Block Ram/blk_ram.v" Line 52: Result of 32-bit expression is truncated to fit in 6-bit target.

=========================================================================
*                           HDL Synthesis                               *
=========================================================================

Synthesizing Unit <mem>.
    Related source file is "/home/pav/CS/VLSI/iVerilog/Block Ram/blk_ram.v".
    Found 6-bit register for signal <addr1>.
    Found 6-bit register for signal <addr>.
    Found 8-bit adder for signal <out1[7]_out2[7]_add_0_OUT> created at line 40.
    Found 6-bit adder for signal <addr[5]_GND_1_o_add_3_OUT> created at line 46.
    Found 6-bit subtractor for signal <GND_1_o_GND_1_o_sub_8_OUT<5:0>> created at line 52.
    Summary:
	inferred   3 Adder/Subtractor(s).
	inferred  12 D-type flip-flop(s).
Unit <mem> synthesized.

=========================================================================
HDL Synthesis Report

Macro Statistics
# Adders/Subtractors                                   : 3
 6-bit adder                                           : 1
 6-bit subtractor                                      : 1
 8-bit adder                                           : 1
# Registers                                            : 2
 6-bit register                                        : 2

=========================================================================

=========================================================================
*                       Advanced HDL Synthesis                          *
=========================================================================

Reading core <ipcore_dir/blk_mem2.ngc>.
Loading core <blk_mem2> for timing and area information for instance <b1>.
Loading core <blk_mem2> for timing and area information for instance <b2>.
Loading core <blk_mem2> for timing and area information for instance <out>.

Synthesizing (advanced) Unit <mem>.
The following registers are absorbed into counter <addr>: 1 register on signal <addr>.
Unit <mem> synthesized (advanced).

=========================================================================
Advanced HDL Synthesis Report

Macro Statistics
# Adders/Subtractors                                   : 2
 6-bit subtractor                                      : 1
 8-bit adder                                           : 1
# Counters                                             : 1
 6-bit up counter                                      : 1
# Registers                                            : 6
 Flip-Flops                                            : 6

=========================================================================

=========================================================================
*                         Low Level Synthesis                           *
=========================================================================

Optimizing unit <mem> ...

Mapping all equations...
Building and optimizing final netlist ...
Found area constraint ratio of 100 (+ 5) on block mem, actual ratio is 0.

Final Macro Processing ...

=========================================================================
Final Register Report

Macro Statistics
# Registers                                            : 12
 Flip-Flops                                            : 12

=========================================================================

=========================================================================
*                           Partition Report                            *
=========================================================================

Partition Implementation Status
-------------------------------

  No Partitions were found in this design.

-------------------------------

=========================================================================
*                            Design Summary                             *
=========================================================================

Top Level Output File Name         : mem.ngc

Primitive and Black Box Usage:
------------------------------
# BELS                             : 42
#      GND                         : 4
#      INV                         : 1
#      LUT2                        : 10
#      LUT3                        : 2
#      LUT4                        : 2
#      LUT5                        : 2
#      LUT6                        : 2
#      MUXCY                       : 7
#      VCC                         : 4
#      XORCY                       : 8
# FlipFlops/Latches                : 12
#      FD                          : 6
#      FDR                         : 6
# RAMS                             : 3
#      RAMB18E1                    : 3
# Clock Buffers                    : 1
#      BUFGP                       : 1
# IO Buffers                       : 41
#      IBUF                        : 17
#      OBUF                        : 24

Device utilization summary:
---------------------------

Selected Device : 7vx330tffg1157-3 


Slice Logic Utilization: 
 Number of Slice Registers:              12  out of  408000     0%  
 Number of Slice LUTs:                   19  out of  204000     0%  
    Number used as Logic:                19  out of  204000     0%  

Slice Logic Distribution: 
 Number of LUT Flip Flop pairs used:     31
   Number with an unused Flip Flop:      19  out of     31    61%  
   Number with an unused LUT:            12  out of     31    38%  
   Number of fully used LUT-FF pairs:     0  out of     31     0%  
   Number of unique control sets:         2

IO Utilization: 
 Number of IOs:                          42
 Number of bonded IOBs:                  42  out of    600     7%  

Specific Feature Utilization:
 Number of Block RAM/FIFO:                2  out of    750     0%  
    Number using Block RAM only:          2
 Number of BUFG/BUFGCTRLs:                1  out of     32     3%  

---------------------------
Partition Resource Summary:
---------------------------

  No Partitions were found in this design.

---------------------------


=========================================================================
Timing Report

NOTE: THESE TIMING NUMBERS ARE ONLY A SYNTHESIS ESTIMATE.
      FOR ACCURATE TIMING INFORMATION PLEASE REFER TO THE TRACE REPORT
      GENERATED AFTER PLACE-and-ROUTE.

Clock Information:
------------------
-----------------------------------+------------------------+-------+
Clock Signal                       | Clock buffer(FF name)  | Load  |
-----------------------------------+------------------------+-------+
clk                                | BUFGP                  | 15    |
-----------------------------------+------------------------+-------+

Asynchronous Control Signals Information:
----------------------------------------
No asynchronous control signals found in this design

Timing Summary:
---------------
Speed Grade: -3

   Minimum period: 3.279ns (Maximum Frequency: 304.990MHz)
   Minimum input arrival time before clock: 0.768ns
   Maximum output required time after clock: 1.847ns
   Maximum combinational path delay: No path found

Timing Details:
---------------
All values displayed in nanoseconds (ns)

=========================================================================
Timing constraint: Default period analysis for Clock 'clk'
  Clock period: 3.279ns (frequency: 304.990MHz)
  Total number of paths / destination ports: 178 / 56
-------------------------------------------------------------------------
Delay:               3.279ns (Levels of Logic = 10)
  Source:            b1/U0/xst_blk_mem_generator/gnativebmg.native_blk_mem_gen/valid.cstr/ramloop[0].ram.r/v6_init.ram/NO_BMM_INFO.SP.WIDE_PRIM18.ram (RAM)
  Destination:       out/U0/xst_blk_mem_generator/gnativebmg.native_blk_mem_gen/valid.cstr/ramloop[0].ram.r/v6_init.ram/NO_BMM_INFO.SP.WIDE_PRIM18.ram (RAM)
  Source Clock:      clk rising
  Destination Clock: clk rising

  Data Path: b1/U0/xst_blk_mem_generator/gnativebmg.native_blk_mem_gen/valid.cstr/ramloop[0].ram.r/v6_init.ram/NO_BMM_INFO.SP.WIDE_PRIM18.ram to out/U0/xst_blk_mem_generator/gnativebmg.native_blk_mem_gen/valid.cstr/ramloop[0].ram.r/v6_init.ram/NO_BMM_INFO.SP.WIDE_PRIM18.ram
                                Gate     Net
    Cell:in->out      fanout   Delay   Delay  Logical Name (Net Name)
    ----------------------------------------  ------------
     RAMB18E1:CLKARDCLK->DOADO0    2   1.564   0.347  U0/xst_blk_mem_generator/gnativebmg.native_blk_mem_gen/valid.cstr/ramloop[0].ram.r/v6_init.ram/NO_BMM_INFO.SP.WIDE_PRIM18.ram (douta<0>)
     end scope: 'b1:douta<0>'
     LUT2:I0->O            1   0.043   0.000  Madd_out1[7]_out2[7]_add_0_OUT_lut<0> (Madd_out1[7]_out2[7]_add_0_OUT_lut<0>)
     MUXCY:S->O            1   0.230   0.000  Madd_out1[7]_out2[7]_add_0_OUT_cy<0> (Madd_out1[7]_out2[7]_add_0_OUT_cy<0>)
     MUXCY:CI->O           1   0.013   0.000  Madd_out1[7]_out2[7]_add_0_OUT_cy<1> (Madd_out1[7]_out2[7]_add_0_OUT_cy<1>)
     MUXCY:CI->O           1   0.013   0.000  Madd_out1[7]_out2[7]_add_0_OUT_cy<2> (Madd_out1[7]_out2[7]_add_0_OUT_cy<2>)
     MUXCY:CI->O           1   0.013   0.000  Madd_out1[7]_out2[7]_add_0_OUT_cy<3> (Madd_out1[7]_out2[7]_add_0_OUT_cy<3>)
     MUXCY:CI->O           1   0.013   0.000  Madd_out1[7]_out2[7]_add_0_OUT_cy<4> (Madd_out1[7]_out2[7]_add_0_OUT_cy<4>)
     MUXCY:CI->O           1   0.013   0.000  Madd_out1[7]_out2[7]_add_0_OUT_cy<5> (Madd_out1[7]_out2[7]_add_0_OUT_cy<5>)
     MUXCY:CI->O           0   0.013   0.000  Madd_out1[7]_out2[7]_add_0_OUT_cy<6> (Madd_out1[7]_out2[7]_add_0_OUT_cy<6>)
     XORCY:CI->O           1   0.251   0.279  Madd_out1[7]_out2[7]_add_0_OUT_xor<7> (out1[7]_out2[7]_add_0_OUT<7>)
     begin scope: 'out:dina<7>'
     RAMB18E1:DIBDI9           0.489          U0/xst_blk_mem_generator/gnativebmg.native_blk_mem_gen/valid.cstr/ramloop[0].ram.r/v6_init.ram/NO_BMM_INFO.SP.WIDE_PRIM18.ram
    ----------------------------------------
    Total                      3.279ns (2.652ns logic, 0.627ns route)
                                       (80.9% logic, 19.1% route)

=========================================================================
Timing constraint: Default OFFSET IN BEFORE for Clock 'clk'
  Total number of paths / destination ports: 22 / 22
-------------------------------------------------------------------------
Offset:              0.768ns (Levels of Logic = 2)
  Source:            data2<3> (PAD)
  Destination:       b2/U0/xst_blk_mem_generator/gnativebmg.native_blk_mem_gen/valid.cstr/ramloop[0].ram.r/v6_init.ram/NO_BMM_INFO.SP.WIDE_PRIM18.ram (RAM)
  Destination Clock: clk rising

  Data Path: data2<3> to b2/U0/xst_blk_mem_generator/gnativebmg.native_blk_mem_gen/valid.cstr/ramloop[0].ram.r/v6_init.ram/NO_BMM_INFO.SP.WIDE_PRIM18.ram
                                Gate     Net
    Cell:in->out      fanout   Delay   Delay  Logical Name (Net Name)
    ----------------------------------------  ------------
     IBUF:I->O             1   0.000   0.279  data2_3_IBUF (data2_3_IBUF)
     begin scope: 'b2:dina<3>'
     RAMB18E1:DIADI9           0.489          U0/xst_blk_mem_generator/gnativebmg.native_blk_mem_gen/valid.cstr/ramloop[0].ram.r/v6_init.ram/NO_BMM_INFO.SP.WIDE_PRIM18.ram
    ----------------------------------------
    Total                      0.768ns (0.489ns logic, 0.279ns route)
                                       (63.6% logic, 36.4% route)

=========================================================================
Timing constraint: Default OFFSET OUT AFTER for Clock 'clk'
  Total number of paths / destination ports: 24 / 24
-------------------------------------------------------------------------
Offset:              1.847ns (Levels of Logic = 2)
  Source:            b1/U0/xst_blk_mem_generator/gnativebmg.native_blk_mem_gen/valid.cstr/ramloop[0].ram.r/v6_init.ram/NO_BMM_INFO.SP.WIDE_PRIM18.ram (RAM)
  Destination:       out1<7> (PAD)
  Source Clock:      clk rising

  Data Path: b1/U0/xst_blk_mem_generator/gnativebmg.native_blk_mem_gen/valid.cstr/ramloop[0].ram.r/v6_init.ram/NO_BMM_INFO.SP.WIDE_PRIM18.ram to out1<7>
                                Gate     Net
    Cell:in->out      fanout   Delay   Delay  Logical Name (Net Name)
    ----------------------------------------  ------------
     RAMB18E1:CLKARDCLK->DOBDO9    2   1.564   0.283  U0/xst_blk_mem_generator/gnativebmg.native_blk_mem_gen/valid.cstr/ramloop[0].ram.r/v6_init.ram/NO_BMM_INFO.SP.WIDE_PRIM18.ram (douta<7>)
     end scope: 'b1:douta<7>'
     OBUF:I->O                 0.000          out1_7_OBUF (out1<7>)
    ----------------------------------------
    Total                      1.847ns (1.564ns logic, 0.283ns route)
                                       (84.7% logic, 15.3% route)

=========================================================================

Cross Clock Domains Report:
--------------------------

Clock to Setup on destination clock clk
---------------+---------+---------+---------+---------+
               | Src:Rise| Src:Fall| Src:Rise| Src:Fall|
Source Clock   |Dest:Rise|Dest:Rise|Dest:Fall|Dest:Fall|
---------------+---------+---------+---------+---------+
clk            |    3.279|         |         |         |
---------------+---------+---------+---------+---------+

=========================================================================


Total REAL time to Xst completion: 7.00 secs
Total CPU time to Xst completion: 6.33 secs
 
--> 


Total memory usage is 503072 kilobytes

Number of errors   :    0 (   0 filtered)
Number of warnings :    4 (   0 filtered)
Number of infos    :    0 (   0 filtered)

